2026-04-08 14:47:09,850 - INFO - Application started.
2026-04-08 14:47:09,864 - INFO - Starting the experiment...
2026-04-08 14:47:09,879 - INFO - Starting replication 1/10
2026-04-08 14:47:16,273 - INFO - Starting replication 2/10
2026-04-08 14:47:17,217 - INFO - Starting replication 3/10
2026-04-08 14:47:17,284 - INFO - Starting replication 4/10
2026-04-08 14:47:17,402 - INFO - Starting replication 5/10
2026-04-08 14:47:17,447 - INFO - Starting replication 6/10
2026-04-08 14:47:17,491 - INFO - Starting replication 7/10
2026-04-08 14:47:17,542 - INFO - Starting replication 8/10
2026-04-08 14:47:17,586 - INFO - Starting replication 9/10
2026-04-08 14:47:17,630 - INFO - Starting replication 10/10
2026-04-08 14:47:17,677 - INFO - Experiment completed successfully.
2026-04-08 14:47:17,677 - INFO - Generating plots for the experiment results...
2026-04-08 14:47:18,481 - INFO - Plots generated successfully.
2026-04-08 14:47:18,481 - INFO - Application finished successfully.
2026-04-08 15:14:08,868 - INFO - Application started.
2026-04-08 15:14:08,885 - INFO - Starting the experiment...
2026-04-08 15:14:08,900 - INFO - Starting replication 1/10
2026-04-08 15:14:15,042 - INFO - Starting replication 2/10
2026-04-08 15:14:15,983 - INFO - Starting replication 3/10
2026-04-08 15:14:16,045 - INFO - Starting replication 4/10
2026-04-08 15:14:16,161 - INFO - Starting replication 5/10
2026-04-08 15:14:16,207 - INFO - Starting replication 6/10
2026-04-08 15:14:16,251 - INFO - Starting replication 7/10
2026-04-08 15:14:16,294 - INFO - Starting replication 8/10
2026-04-08 15:14:16,338 - INFO - Starting replication 9/10
2026-04-08 15:14:16,382 - INFO - Starting replication 10/10
2026-04-08 15:14:16,428 - INFO - Experiment completed successfully.
2026-04-08 15:14:16,429 - INFO - Generating plots for the experiment results...
2026-04-08 15:14:17,425 - INFO - Plots generated successfully.
2026-04-08 15:14:17,425 - INFO - Application finished successfully.
2026-04-08 15:26:14,480 - INFO - Application started.
2026-04-08 15:26:14,493 - INFO - Starting the experiment...
2026-04-08 15:26:14,517 - INFO - Starting replication 1/10
2026-04-08 15:26:22,614 - INFO - Starting replication 2/10
2026-04-08 15:26:23,470 - INFO - Starting replication 3/10
2026-04-08 15:26:24,506 - INFO - Starting replication 4/10
2026-04-08 15:26:25,298 - INFO - Starting replication 5/10
2026-04-08 15:26:26,231 - INFO - Starting replication 6/10
2026-04-08 15:26:27,147 - INFO - Starting replication 7/10
2026-04-08 15:26:27,856 - INFO - Starting replication 8/10
2026-04-08 15:26:28,706 - INFO - Starting replication 9/10
2026-04-08 15:26:29,600 - INFO - Starting replication 10/10
2026-04-08 15:26:30,463 - INFO - Experiment completed successfully.
2026-04-08 15:26:30,463 - INFO - Generating plots for the experiment results...
2026-04-08 15:26:31,493 - INFO - Plots generated successfully.
2026-04-08 15:26:31,493 - INFO - Application finished successfully.
2026-04-08 16:03:44,226 - INFO - Application started.
2026-04-08 16:03:44,238 - INFO - Starting the experiment...
2026-04-08 16:03:44,253 - INFO - Starting replication 1/10
2026-04-08 16:05:17,893 - INFO - Application started.
2026-04-08 16:05:17,905 - INFO - Starting the experiment...
2026-04-08 16:05:17,919 - INFO - Starting replication 1/10
2026-04-08 16:05:25,474 - INFO - Starting replication 2/10
2026-04-08 16:05:26,260 - INFO - Starting replication 3/10
2026-04-08 16:05:26,948 - INFO - Starting replication 4/10
2026-04-08 16:05:27,812 - INFO - Starting replication 5/10
2026-04-08 16:05:28,506 - INFO - Starting replication 6/10
2026-04-08 16:05:29,190 - INFO - Starting replication 7/10
2026-04-08 16:05:30,060 - INFO - Starting replication 8/10
2026-04-08 16:05:30,912 - INFO - Starting replication 9/10
2026-04-08 16:05:31,617 - INFO - Starting replication 10/10
2026-04-08 16:05:32,479 - INFO - Experiment completed successfully.
2026-04-08 16:05:32,479 - INFO - Generating plots for the experiment results...
2026-04-08 16:06:40,005 - INFO - Application started.
2026-04-08 16:06:40,018 - INFO - Starting the experiment...
2026-04-08 16:06:40,032 - INFO - Starting replication 1/10
2026-04-08 16:06:47,391 - INFO - Starting replication 2/10
2026-04-08 16:06:48,187 - INFO - Starting replication 3/10
2026-04-08 16:06:48,873 - INFO - Starting replication 4/10
2026-04-08 16:06:49,557 - INFO - Starting replication 5/10
2026-04-08 16:06:50,432 - INFO - Starting replication 6/10
2026-04-08 16:06:51,288 - INFO - Starting replication 7/10
2026-04-08 16:06:52,191 - INFO - Starting replication 8/10
2026-04-08 16:06:52,905 - INFO - Starting replication 9/10
2026-04-08 16:06:53,755 - INFO - Starting replication 10/10
2026-04-08 16:06:54,506 - INFO - Experiment completed successfully.
2026-04-08 16:06:54,508 - INFO - Generating plots for the experiment results...
2026-04-08 16:06:55,694 - INFO - Plots generated successfully.
2026-04-08 16:06:55,694 - INFO - Application finished successfully.
2026-04-08 16:34:16,898 - INFO - Application started.
2026-04-08 16:34:16,911 - INFO - Starting the experiment...
2026-04-08 16:34:16,925 - INFO - Starting replication 1/10
2026-04-08 16:34:24,484 - INFO - Starting replication 2/10
2026-04-08 16:34:25,320 - INFO - Starting replication 3/10
2026-04-08 16:34:26,159 - INFO - Starting replication 4/10
2026-04-08 16:34:26,826 - INFO - Starting replication 5/10
2026-04-08 16:34:27,659 - INFO - Starting replication 6/10
2026-04-08 16:34:28,340 - INFO - Starting replication 7/10
2026-04-08 16:34:29,004 - INFO - Starting replication 8/10
2026-04-08 16:34:29,674 - INFO - Starting replication 9/10
2026-04-08 16:34:30,512 - INFO - Starting replication 10/10
2026-04-08 16:34:31,173 - INFO - Experiment completed successfully.
2026-04-08 16:34:31,173 - INFO - Generating plots for the experiment results...
2026-04-08 16:34:32,912 - INFO - Plots generated successfully.
2026-04-08 16:34:32,912 - INFO - Application finished successfully.
2026-04-08 16:37:13,474 - INFO - Application started.
2026-04-08 16:37:13,487 - INFO - Starting the experiment...
2026-04-08 16:37:13,501 - INFO - Starting replication 1/10
2026-04-08 16:37:21,169 - INFO - Starting replication 2/10
2026-04-08 16:37:22,008 - INFO - Starting replication 3/10
2026-04-08 16:37:22,684 - INFO - Starting replication 4/10
2026-04-08 16:37:23,343 - INFO - Starting replication 5/10
2026-04-08 16:37:24,199 - INFO - Starting replication 6/10
2026-04-08 16:37:25,026 - INFO - Starting replication 7/10
2026-04-08 16:37:25,705 - INFO - Starting replication 8/10
2026-04-08 16:37:26,548 - INFO - Starting replication 9/10
2026-04-08 16:37:27,222 - INFO - Starting replication 10/10
2026-04-08 16:37:27,902 - INFO - Experiment completed successfully.
2026-04-08 16:37:27,902 - INFO - Generating plots for the experiment results...
2026-04-08 16:37:29,660 - INFO - Plots generated successfully.
2026-04-08 16:37:29,660 - INFO - Application finished successfully.
2026-04-08 16:39:19,450 - INFO - Application started.
2026-04-08 16:39:19,463 - INFO - Starting the experiment...
2026-04-08 16:39:19,477 - INFO - Starting replication 1/10
2026-04-08 16:39:26,922 - INFO - Starting replication 2/10
2026-04-08 16:39:27,573 - INFO - Starting replication 3/10
2026-04-08 16:39:28,250 - INFO - Starting replication 4/10
2026-04-08 16:39:28,925 - INFO - Starting replication 5/10
2026-04-08 16:39:29,586 - INFO - Starting replication 6/10
2026-04-08 16:39:30,266 - INFO - Starting replication 7/10
2026-04-08 16:39:31,094 - INFO - Starting replication 8/10
2026-04-08 16:39:31,758 - INFO - Starting replication 9/10
2026-04-08 16:39:32,585 - INFO - Starting replication 10/10
2026-04-08 16:39:33,255 - INFO - Experiment completed successfully.
2026-04-08 16:39:33,255 - INFO - Generating plots for the experiment results...
2026-04-08 16:39:35,003 - INFO - Plots generated successfully.
2026-04-08 16:39:35,003 - INFO - Application finished successfully.
2026-04-08 16:44:11,702 - INFO - Application started.
2026-04-08 16:44:11,715 - INFO - Starting the experiment...
2026-04-08 16:44:11,729 - INFO - Starting replication 1/10
2026-04-08 16:44:19,167 - INFO - Starting replication 2/10
2026-04-08 16:44:19,832 - INFO - Starting replication 3/10
2026-04-08 16:44:20,512 - INFO - Starting replication 4/10
2026-04-08 16:44:21,187 - INFO - Starting replication 5/10
2026-04-08 16:44:21,858 - INFO - Starting replication 6/10
2026-04-08 16:44:22,696 - INFO - Starting replication 7/10
2026-04-08 16:44:23,530 - INFO - Starting replication 8/10
2026-04-08 16:44:24,203 - INFO - Starting replication 9/10
2026-04-08 16:44:25,054 - INFO - Starting replication 10/10
2026-04-08 16:44:25,713 - INFO - Experiment completed successfully.
2026-04-08 16:44:25,713 - INFO - Generating plots for the experiment results...
2026-04-08 16:44:27,469 - INFO - Plots generated successfully.
2026-04-08 16:44:27,469 - INFO - Application finished successfully.
2026-04-08 16:44:59,991 - INFO - Application started.
2026-04-08 16:45:00,004 - INFO - Starting the experiment...
2026-04-08 16:45:00,020 - INFO - Starting replication 1/10
2026-04-08 16:45:07,265 - INFO - Starting replication 2/10
2026-04-08 16:45:08,106 - INFO - Starting replication 3/10
2026-04-08 16:45:08,764 - INFO - Starting replication 4/10
2026-04-08 16:45:09,642 - INFO - Starting replication 5/10
2026-04-08 16:45:10,313 - INFO - Starting replication 6/10
2026-04-08 16:45:11,155 - INFO - Starting replication 7/10
2026-04-08 16:45:11,823 - INFO - Starting replication 8/10
2026-04-08 16:45:12,491 - INFO - Starting replication 9/10
2026-04-08 16:45:13,207 - INFO - Starting replication 10/10
2026-04-08 16:45:14,112 - INFO - Experiment completed successfully.
2026-04-08 16:45:14,112 - INFO - Generating plots for the experiment results...
2026-04-08 16:45:15,953 - INFO - Plots generated successfully.
2026-04-08 16:45:15,953 - INFO - Application finished successfully.
2026-04-08 16:46:01,476 - INFO - Application started.
2026-04-08 16:46:01,490 - INFO - Starting the experiment...
2026-04-08 16:46:01,504 - INFO - Starting replication 1/10
2026-04-08 16:46:08,920 - INFO - Starting replication 2/10
2026-04-08 16:46:09,602 - INFO - Starting replication 3/10
2026-04-08 16:46:10,413 - INFO - Starting replication 4/10
2026-04-08 16:46:11,079 - INFO - Starting replication 5/10
2026-04-08 16:46:11,736 - INFO - Starting replication 6/10
2026-04-08 16:46:12,579 - INFO - Starting replication 7/10
2026-04-08 16:46:13,250 - INFO - Starting replication 8/10
2026-04-08 16:46:14,088 - INFO - Starting replication 9/10
2026-04-08 16:46:14,933 - INFO - Starting replication 10/10
2026-04-08 16:46:16,014 - INFO - Experiment completed successfully.
2026-04-08 16:46:16,015 - INFO - Generating plots for the experiment results...
2026-04-08 16:46:17,792 - INFO - Plots generated successfully.
2026-04-08 16:46:17,792 - INFO - Application finished successfully.
2026-04-08 16:51:09,093 - INFO - Application started.
2026-04-08 16:51:09,107 - INFO - Starting the experiment...
2026-04-08 16:51:09,121 - INFO - Starting replication 1/20
2026-04-08 16:51:16,967 - INFO - Starting replication 2/20
2026-04-08 16:51:17,799 - INFO - Starting replication 3/20
2026-04-08 16:51:18,649 - INFO - Starting replication 4/20
2026-04-08 16:51:19,329 - INFO - Starting replication 5/20
2026-04-08 16:51:19,992 - INFO - Starting replication 6/20
2026-04-08 16:51:20,853 - INFO - Starting replication 7/20
2026-04-08 16:51:21,518 - INFO - Starting replication 8/20
2026-04-08 16:51:22,341 - INFO - Starting replication 9/20
2026-04-08 16:51:23,024 - INFO - Starting replication 10/20
2026-04-08 16:51:23,691 - INFO - Starting replication 11/20
2026-04-08 16:51:24,540 - INFO - Starting replication 12/20
2026-04-08 16:51:25,382 - INFO - Starting replication 13/20
2026-04-08 16:51:26,216 - INFO - Starting replication 14/20
2026-04-08 16:51:27,046 - INFO - Starting replication 15/20
2026-04-08 16:51:27,719 - INFO - Starting replication 16/20
2026-04-08 16:51:28,393 - INFO - Starting replication 17/20
2026-04-08 16:51:29,057 - INFO - Starting replication 18/20
2026-04-08 16:51:29,741 - INFO - Starting replication 19/20
2026-04-08 16:51:30,576 - INFO - Starting replication 20/20
2026-04-08 16:51:31,245 - INFO - Experiment completed successfully.
2026-04-08 16:51:31,246 - INFO - Generating plots for the experiment results...
2026-04-08 16:51:33,100 - INFO - Plots generated successfully.
2026-04-08 16:51:33,100 - INFO - Application finished successfully.
2026-04-08 17:25:55,455 - INFO - Application started.
2026-04-08 17:25:55,468 - INFO - Starting the experiment...
2026-04-08 17:25:55,485 - INFO - Starting replication 1/40
2026-04-08 17:26:03,638 - INFO - Starting replication 2/40
2026-04-08 17:26:04,493 - INFO - Starting replication 3/40
2026-04-08 17:26:05,359 - INFO - Starting replication 4/40
2026-04-08 17:26:06,201 - INFO - Starting replication 5/40
2026-04-08 17:26:07,013 - INFO - Starting replication 6/40
2026-04-08 17:26:07,789 - INFO - Starting replication 7/40
2026-04-08 17:26:08,810 - INFO - Starting replication 8/40
2026-04-08 17:26:09,787 - INFO - Starting replication 9/40
2026-04-08 17:26:10,741 - INFO - Starting replication 10/40
2026-04-08 17:26:11,620 - INFO - Starting replication 11/40
2026-04-08 17:26:12,425 - INFO - Starting replication 12/40
2026-04-08 17:26:13,405 - INFO - Starting replication 13/40
2026-04-08 17:26:14,396 - INFO - Starting replication 14/40
2026-04-08 17:26:15,524 - INFO - Starting replication 15/40
2026-04-08 17:26:16,667 - INFO - Starting replication 16/40
2026-04-08 17:26:17,537 - INFO - Starting replication 17/40
2026-04-08 17:26:18,514 - INFO - Starting replication 18/40
2026-04-08 17:26:19,280 - INFO - Starting replication 19/40
2026-04-08 17:26:20,273 - INFO - Starting replication 20/40
2026-04-08 17:26:21,248 - INFO - Starting replication 21/40
2026-04-08 17:26:22,439 - INFO - Starting replication 22/40
2026-04-08 17:26:23,341 - INFO - Starting replication 23/40
2026-04-08 17:26:24,163 - INFO - Starting replication 24/40
2026-04-08 17:26:24,951 - INFO - Starting replication 25/40
2026-04-08 17:26:25,807 - INFO - Starting replication 26/40
2026-04-08 17:26:26,622 - INFO - Starting replication 27/40
2026-04-08 17:26:27,620 - INFO - Starting replication 28/40
2026-04-08 17:26:28,544 - INFO - Starting replication 29/40
2026-04-08 17:26:29,327 - INFO - Starting replication 30/40
2026-04-08 17:26:30,211 - INFO - Starting replication 31/40
2026-04-08 17:26:30,926 - INFO - Starting replication 32/40
2026-04-08 17:26:31,817 - INFO - Starting replication 33/40
2026-04-08 17:26:32,532 - INFO - Starting replication 34/40
2026-04-08 17:26:33,209 - INFO - Starting replication 35/40
2026-04-08 17:26:34,080 - INFO - Starting replication 36/40
2026-04-08 17:26:34,765 - INFO - Starting replication 37/40
2026-04-08 17:26:35,686 - INFO - Starting replication 38/40
2026-04-08 17:26:36,379 - INFO - Starting replication 39/40
2026-04-08 17:26:37,237 - INFO - Starting replication 40/40
2026-04-08 17:26:37,928 - INFO - Experiment completed successfully.
2026-04-08 17:26:37,928 - INFO - Generating plots for the experiment results...
2026-04-08 17:26:39,895 - INFO - Plots generated successfully.
2026-04-08 17:26:39,895 - INFO - Application finished successfully.
2026-04-08 17:57:11,257 - INFO - Application started.
2026-04-08 17:57:11,336 - INFO - Starting the experiment...
2026-04-08 17:57:11,352 - INFO - Starting replication 1/40
2026-04-08 18:01:39,190 - INFO - Application started.
2026-04-08 18:01:39,205 - INFO - Starting the experiment...
2026-04-08 18:01:39,219 - INFO - Starting replication 1/40
2026-04-08 18:01:47,272 - INFO - Starting replication 2/40
2026-04-08 18:01:48,023 - INFO - Starting replication 3/40
2026-04-08 18:01:48,825 - INFO - Starting replication 4/40
2026-04-08 18:01:49,604 - INFO - Starting replication 5/40
2026-04-08 18:01:50,478 - INFO - Starting replication 6/40
2026-04-08 18:01:51,183 - INFO - Starting replication 7/40
2026-04-08 18:01:52,070 - INFO - Starting replication 8/40
2026-04-08 18:01:52,773 - INFO - Starting replication 9/40
2026-04-08 18:01:53,666 - INFO - Starting replication 10/40
2026-04-08 18:01:54,369 - INFO - Starting replication 11/40
2026-04-08 18:01:55,235 - INFO - Starting replication 12/40
2026-04-08 18:01:56,100 - INFO - Starting replication 13/40
2026-04-08 18:01:56,786 - INFO - Starting replication 14/40
2026-04-08 18:01:57,650 - INFO - Starting replication 15/40
2026-04-08 18:01:58,354 - INFO - Starting replication 16/40
2026-04-08 18:01:59,230 - INFO - Starting replication 17/40
2026-04-08 18:01:59,918 - INFO - Starting replication 18/40
2026-04-08 18:02:00,654 - INFO - Starting replication 19/40
2026-04-08 18:02:01,527 - INFO - Starting replication 20/40
2026-04-08 18:02:02,212 - INFO - Starting replication 21/40
2026-04-08 18:02:02,920 - INFO - Starting replication 22/40
2026-04-08 18:02:03,636 - INFO - Starting replication 23/40
2026-04-08 18:02:04,528 - INFO - Starting replication 24/40
2026-04-08 18:02:05,415 - INFO - Starting replication 25/40
2026-04-08 18:02:06,292 - INFO - Starting replication 26/40
2026-04-08 18:02:07,174 - INFO - Starting replication 27/40
2026-04-08 18:02:07,865 - INFO - Starting replication 28/40
2026-04-08 18:02:08,590 - INFO - Starting replication 29/40
2026-04-08 18:02:09,477 - INFO - Starting replication 30/40
2026-04-08 18:02:10,347 - INFO - Starting replication 31/40
2026-04-08 18:02:11,045 - INFO - Starting replication 32/40
2026-04-08 18:02:11,910 - INFO - Starting replication 33/40
2026-04-08 18:02:12,591 - INFO - Starting replication 34/40
2026-04-08 18:02:13,444 - INFO - Starting replication 35/40
2026-04-08 18:02:14,151 - INFO - Starting replication 36/40
2026-04-08 18:02:14,869 - INFO - Starting replication 37/40
2026-04-08 18:02:15,752 - INFO - Starting replication 38/40
2026-04-08 18:02:16,635 - INFO - Starting replication 39/40
2026-04-08 18:02:17,559 - INFO - Starting replication 40/40
2026-04-08 18:02:18,624 - INFO - Experiment completed successfully.
2026-04-08 18:02:18,625 - INFO - Generating plots for the experiment results...
2026-04-08 18:02:21,095 - INFO - Plots generated successfully.
2026-04-08 18:02:21,095 - INFO - Application finished successfully.
2026-04-08 18:07:09,422 - INFO - Application started.
2026-04-08 18:07:09,451 - INFO - Starting the experiment...
2026-04-08 18:07:09,469 - INFO - Starting replication 1/40
2026-04-08 18:07:17,848 - INFO - Starting replication 2/40
2026-04-08 18:07:18,776 - INFO - Starting replication 3/40
2026-04-08 18:07:19,515 - INFO - Starting replication 4/40
2026-04-08 18:07:20,235 - INFO - Starting replication 5/40
2026-04-08 18:07:21,146 - INFO - Starting replication 6/40
2026-04-08 18:07:21,870 - INFO - Starting replication 7/40
2026-04-08 18:07:22,649 - INFO - Starting replication 8/40
2026-04-08 18:07:23,598 - INFO - Starting replication 9/40
2026-04-08 18:07:24,521 - INFO - Starting replication 10/40
2026-04-08 18:07:25,442 - INFO - Starting replication 11/40
2026-04-08 18:07:26,332 - INFO - Starting replication 12/40
2026-04-08 18:07:27,300 - INFO - Starting replication 13/40
2026-04-08 18:07:28,036 - INFO - Starting replication 14/40
2026-04-08 18:07:28,977 - INFO - Starting replication 15/40
2026-04-08 18:07:29,875 - INFO - Starting replication 16/40
2026-04-08 18:07:30,871 - INFO - Starting replication 17/40
2026-04-08 18:07:31,598 - INFO - Starting replication 18/40
2026-04-08 18:07:32,344 - INFO - Starting replication 19/40
2026-04-08 18:07:33,247 - INFO - Starting replication 20/40
2026-04-08 18:07:34,055 - INFO - Starting replication 21/40
2026-04-08 18:07:34,807 - INFO - Starting replication 22/40
2026-04-08 18:07:35,546 - INFO - Starting replication 23/40
2026-04-08 18:07:36,309 - INFO - Starting replication 24/40
2026-04-08 18:07:37,087 - INFO - Starting replication 25/40
2026-04-08 18:07:38,043 - INFO - Starting replication 26/40
2026-04-08 18:07:38,959 - INFO - Starting replication 27/40
2026-04-08 18:07:39,934 - INFO - Starting replication 28/40
2026-04-08 18:07:40,688 - INFO - Starting replication 29/40
2026-04-08 18:07:41,523 - INFO - Starting replication 30/40
2026-04-08 18:07:42,594 - INFO - Starting replication 31/40
2026-04-08 18:07:43,415 - INFO - Starting replication 32/40
2026-04-08 18:07:44,247 - INFO - Starting replication 33/40
2026-04-08 18:07:45,303 - INFO - Starting replication 34/40
2026-04-08 18:07:46,346 - INFO - Starting replication 35/40
2026-04-08 18:07:47,360 - INFO - Starting replication 36/40
2026-04-08 18:07:48,301 - INFO - Starting replication 37/40
2026-04-08 18:07:49,209 - INFO - Starting replication 38/40
2026-04-08 18:07:50,295 - INFO - Starting replication 39/40
2026-04-08 18:07:51,317 - INFO - Starting replication 40/40
2026-04-08 18:07:52,308 - INFO - Experiment completed successfully.
2026-04-08 18:07:52,308 - INFO - Generating plots for the experiment results...
2026-04-08 18:07:54,277 - INFO - Plots generated successfully.
2026-04-08 18:07:54,277 - INFO - Application finished successfully.
